../Core/Src/main.c:108:5:main	16	static
../Core/Src/main.c:209:6:SystemClock_Config	88	static
../Core/Src/main.c:267:13:MX_ADC1_Init	24	static
../Core/Src/main.c:382:13:MX_ADC2_Init	24	static
../Core/Src/main.c:497:13:MX_ADC3_Init	24	static
../Core/Src/main.c:612:13:MX_I2C1_Init	8	static
../Core/Src/main.c:660:13:MX_TIM2_Init	56	static
../Core/Src/main.c:718:13:MX_USART3_UART_Init	8	static
../Core/Src/main.c:753:13:MX_USB_OTG_FS_PCD_Init	8	static
../Core/Src/main.c:786:13:MX_DMA_Init	16	static
../Core/Src/main.c:810:13:MX_GPIO_Init	56	static
../Core/Src/main.c:880:6:HAL_ADC_ConvHalfCpltCallback	16	static
../Core/Src/main.c:885:6:HAL_ADC_ConvCpltCallback	16	static
../Core/Src/main.c:916:6:CheckIfAllBuffersReadyAndSend	184	static
../Core/Src/main.c:947:6:PrintUARTMessage	24	static
../Core/Src/main.c:954:6:PrintUARTValue	24	static
../Core/Src/main.c:961:6:BlinkLight	40	static
../Core/Src/main.c:982:6:Error_Handler	4	static,ignoring_inline_asm
